Colonne 0 : Nom de type class java.lang.String
Elt 0 : Test
Elt 1 : Test2
Elt 2 : Test3
Colonne 1 : Nombre de type class java.lang.Integer
Elt 0 : 2
Elt 1 : 3
Elt 2 : 4
Colonne 2 : Nombre de type class java.lang.Integer
Elt 0 : 23
Elt 1 : 23
Elt 2 : 23
Colonne 3 : Float de type class java.lang.Float
Elt 0 : 2.0
Elt 1 : 4.0
Elt 2 : 8.0
Colonne 4 : Date de type class java.lang.String
Elt 0 : 7/4/2024
Elt 1 : 7/4/2024
Elt 2 : 7/4/2024