Colonne 0 : 0 de type class java.lang.String
Elt 0 : Test
Elt 1 : 2
Elt 2 : 23
Elt 3 : 2.0
Elt 4 : 7/4/2024
