Colonne 2 : 2 de type class java.lang.Integer
Elt 0 : Test3
Elt 1 : 4
Elt 2 : 23
Elt 3 : 8.0
Elt 4 : 7/4/2024
